Rashad@Rashad-PC MINGW64 ~
$ mkdir Rush

Rashad@Rashad-PC MINGW64 ~
$ cd rush

Rashad@Rashad-PC MINGW64 ~/rush
$ ls

Rashad@Rashad-PC MINGW64 ~/rush
$ touch blank

Rashad@Rashad-PC MINGW64 ~/rush
$ ls
blank

Rashad@Rashad-PC MINGW64 ~/rush
$ cd blank
bash: cd: blank: Not a directory

Rashad@Rashad-PC MINGW64 ~/rush
$ echo "Hello" >> greetings.txt

Rashad@Rashad-PC MINGW64 ~/rush
$ echo "Hello" >> greetings.txt

Rashad@Rashad-PC MINGW64 ~/rush
$ echo "Hello" >> greetings.txt

Rashad@Rashad-PC MINGW64 ~/rush
$ echo "Hello" >> greetings.txt

Rashad@Rashad-PC MINGW64 ~/rush
$ echo "Hello" >> greetings.txt

Rashad@Rashad-PC MINGW64 ~/rush
$ cat greeting.txt
cat: greeting.txt: No such file or directory

Rashad@Rashad-PC MINGW64 ~/rush
$ cat greetings.txt
Hello
Hello
Hello
Hello
Hello

Rashad@Rashad-PC MINGW64 ~/rush
$ cp greetings.txt 1.txt

Rashad@Rashad-PC MINGW64 ~/rush
$ cp greetings.txt 2.txt

Rashad@Rashad-PC MINGW64 ~/rush
$ cp greetings.txt 3.txt

Rashad@Rashad-PC MINGW64 ~/rush
$ cp greetings.txt 4.txt

Rashad@Rashad-PC MINGW64 ~/rush
$ cp greetings.txt 5.txt

Rashad@Rashad-PC MINGW64 ~/rush
$ echo "cat" >> pets.txt

Rashad@Rashad-PC MINGW64 ~/rush
$ echo "dog" >> pets.txt

Rashad@Rashad-PC MINGW64 ~/rush
$ echo "hamster" >> pets.txt

Rashad@Rashad-PC MINGW64 ~/rush
$ echo "cat" >> commands.txt

Rashad@Rashad-PC MINGW64 ~/rush
$ ls commands
ls: cannot access 'commands': No such file or directory

Rashad@Rashad-PC MINGW64 ~/rush
$ ls
1.txt  2.txt  3.txt  4.txt  5.txt  blank  commands.txt  greetings.txt  pets.txt

Rashad@Rashad-PC MINGW64 ~/rush
$ echo "ls" >> commands.txt

Rashad@Rashad-PC MINGW64 ~/rush
$ echo "pwd" >> commands.txt

Rashad@Rashad-PC MINGW64 ~/rush
$ echo "pets" >> lovelycommands.txt

Rashad@Rashad-PC MINGW64 ~/rush
$ echo "commands" >> lovelycommands.txt
